// Vitest Snapshot v1, https://vitest.dev/guide/snapshot.html

exports[`mapping 1`] = `
{
  "g2p": {
    "51288157": 221,
    "51288158": 221,
    "51288159": 221,
    "51288160": 220,
    "51288161": 220,
    "51288162": 220,
    "51288163": 219,
    "51288164": 219,
    "51288165": 219,
    "51288166": 218,
    "51288167": 218,
    "51288168": 218,
    "51288169": 217,
    "51288170": 217,
    "51288171": 217,
    "51288172": 216,
    "51288173": 216,
    "51288174": 216,
    "51288175": 215,
    "51288176": 215,
    "51288177": 215,
    "51288178": 214,
    "51288179": 214,
    "51288180": 214,
    "51288181": 213,
    "51288182": 213,
    "51288183": 213,
    "51288184": 212,
    "51288185": 212,
    "51288186": 212,
    "51288187": 211,
    "51288188": 211,
    "51288189": 211,
    "51288190": 210,
    "51288191": 210,
    "51288192": 210,
    "51288193": 209,
    "51288194": 209,
    "51288195": 209,
    "51288196": 208,
    "51288197": 208,
    "51288198": 208,
    "51288199": 207,
    "51288200": 207,
    "51288201": 207,
    "51288202": 206,
    "51288203": 206,
    "51288204": 206,
    "51288205": 205,
    "51288206": 205,
    "51288207": 205,
    "51288208": 204,
    "51288209": 204,
    "51288210": 204,
    "51288211": 203,
    "51288212": 203,
    "51288213": 203,
    "51288214": 202,
    "51288215": 202,
    "51288216": 202,
    "51288217": 201,
    "51288218": 201,
    "51288219": 201,
    "51288220": 200,
    "51288221": 200,
    "51288222": 200,
    "51288223": 199,
    "51288224": 199,
    "51288225": 199,
    "51288226": 198,
    "51288227": 198,
    "51288228": 198,
    "51288229": 197,
    "51288230": 197,
    "51288231": 197,
    "51288232": 196,
    "51288233": 196,
    "51288234": 196,
    "51288235": 195,
    "51288236": 195,
    "51288237": 195,
    "51288238": 194,
    "51288239": 194,
    "51288240": 194,
    "51288241": 193,
    "51288242": 193,
    "51288243": 193,
    "51288244": 192,
    "51288245": 192,
    "51288246": 192,
    "51288247": 191,
    "51288248": 191,
    "51288249": 191,
    "51288250": 190,
    "51288251": 190,
    "51288252": 190,
    "51288253": 189,
    "51288254": 189,
    "51288255": 189,
    "51288256": 188,
    "51288257": 188,
    "51288258": 188,
    "51288259": 187,
    "51288260": 187,
    "51288261": 187,
    "51288262": 186,
    "51288263": 186,
    "51288264": 186,
    "51288265": 185,
    "51288266": 185,
    "51288267": 185,
    "51288268": 184,
    "51288269": 184,
    "51288270": 184,
    "51288271": 183,
    "51288272": 183,
    "51288273": 183,
    "51288274": 182,
    "51288275": 182,
    "51288276": 182,
    "51288277": 181,
    "51288278": 181,
    "51288279": 181,
    "51288280": 180,
    "51288839": 180,
    "51288840": 180,
    "51288841": 179,
    "51288842": 179,
    "51288843": 179,
    "51288844": 178,
    "51288845": 178,
    "51288846": 178,
    "51288847": 177,
    "51288848": 177,
    "51288849": 177,
    "51288850": 176,
    "51288851": 176,
    "51288852": 176,
    "51288853": 175,
    "51288854": 175,
    "51288855": 175,
    "51288856": 174,
    "51288857": 174,
    "51288858": 174,
    "51288859": 173,
    "51288860": 173,
    "51288861": 173,
    "51288862": 172,
    "51288863": 172,
    "51288864": 172,
    "51288865": 171,
    "51288866": 171,
    "51288867": 171,
    "51288868": 170,
    "51288869": 170,
    "51288870": 170,
    "51288871": 169,
    "51288872": 169,
    "51288873": 169,
    "51288874": 168,
    "51288875": 168,
    "51288876": 168,
    "51288877": 167,
    "51288878": 167,
    "51288879": 167,
    "51288880": 166,
    "51288881": 166,
    "51288882": 166,
    "51288883": 165,
    "51288884": 165,
    "51288885": 165,
    "51288886": 164,
    "51288887": 164,
    "51288888": 164,
    "51288889": 163,
    "51288890": 163,
    "51288891": 163,
    "51288892": 162,
    "51288893": 162,
    "51288894": 162,
    "51288895": 161,
    "51288896": 161,
    "51288897": 161,
    "51288898": 160,
    "51288899": 160,
    "51288900": 160,
    "51288901": 159,
    "51288902": 159,
    "51288903": 159,
    "51288904": 158,
    "51288905": 158,
    "51288906": 158,
    "51288907": 157,
    "51288908": 157,
    "51288909": 157,
    "51288910": 156,
    "51288911": 156,
    "51288912": 156,
    "51288913": 155,
    "51288914": 155,
    "51288915": 155,
    "51288916": 154,
    "51288917": 154,
    "51288918": 154,
    "51288919": 153,
    "51288920": 153,
    "51288921": 153,
    "51288922": 152,
    "51288923": 152,
    "51288924": 152,
    "51288925": 151,
    "51288926": 151,
    "51288927": 151,
    "51288928": 150,
    "51288929": 150,
    "51288930": 150,
    "51288931": 149,
    "51288932": 149,
    "51288933": 149,
    "51288934": 148,
    "51288935": 148,
    "51288936": 148,
    "51288937": 147,
    "51288938": 147,
    "51288939": 147,
    "51288940": 146,
    "51288941": 146,
    "51288942": 146,
    "51288943": 145,
    "51288944": 145,
    "51288945": 145,
    "51288946": 144,
    "51288947": 144,
    "51288948": 144,
    "51288949": 143,
    "51288950": 143,
    "51288951": 143,
    "51288952": 142,
    "51288953": 142,
    "51288954": 142,
    "51288955": 141,
    "51290005": 141,
    "51290006": 141,
    "51290007": 140,
    "51290008": 140,
    "51290009": 140,
    "51290010": 139,
    "51290011": 139,
    "51290012": 139,
    "51290013": 138,
    "51290014": 138,
    "51290015": 138,
    "51290016": 137,
    "51290017": 137,
    "51290018": 137,
    "51290019": 136,
    "51290020": 136,
    "51290021": 136,
    "51290022": 135,
    "51290023": 135,
    "51290024": 135,
    "51290025": 134,
    "51290026": 134,
    "51290027": 134,
    "51290028": 133,
    "51290029": 133,
    "51290030": 133,
    "51290031": 132,
    "51290032": 132,
    "51290033": 132,
    "51290034": 131,
    "51290035": 131,
    "51290036": 131,
    "51290037": 130,
    "51290038": 130,
    "51290039": 130,
    "51290040": 129,
    "51290041": 129,
    "51290042": 129,
    "51290043": 128,
    "51290044": 128,
    "51290045": 128,
    "51290046": 127,
    "51290047": 127,
    "51290048": 127,
    "51290049": 126,
    "51290050": 126,
    "51290051": 126,
    "51290052": 125,
    "51290053": 125,
    "51290054": 125,
    "51290055": 124,
    "51290056": 124,
    "51290057": 124,
    "51290058": 123,
    "51290059": 123,
    "51290060": 123,
    "51290061": 122,
    "51290062": 122,
    "51290063": 122,
    "51290064": 121,
    "51290065": 121,
    "51290066": 121,
    "51290067": 120,
    "51290068": 120,
    "51290069": 120,
    "51290070": 119,
    "51290071": 119,
    "51290072": 119,
    "51290073": 118,
    "51290074": 118,
    "51290075": 118,
    "51290076": 117,
    "51290077": 117,
    "51290078": 117,
    "51290079": 116,
    "51290080": 116,
    "51290081": 116,
    "51290082": 115,
    "51290083": 115,
    "51290084": 115,
    "51290085": 114,
    "51290086": 114,
    "51290087": 114,
    "51290088": 113,
    "51290089": 113,
    "51290090": 113,
    "51290091": 112,
    "51290092": 112,
    "51290093": 112,
    "51290094": 111,
    "51290095": 111,
    "51290096": 111,
    "51290097": 110,
    "51290098": 110,
    "51290099": 110,
    "51290100": 109,
    "51290101": 109,
    "51290102": 109,
    "51290103": 108,
    "51290104": 108,
    "51290105": 108,
    "51290106": 107,
    "51290107": 107,
    "51290108": 107,
    "51290109": 106,
    "51290110": 106,
    "51290111": 106,
    "51290112": 105,
    "51290113": 105,
    "51290114": 105,
    "51290115": 104,
    "51290116": 104,
    "51290117": 104,
    "51290118": 103,
    "51290119": 103,
    "51290514": 103,
    "51290515": 102,
    "51290516": 102,
    "51290517": 102,
    "51290518": 101,
    "51290519": 101,
    "51290520": 101,
    "51290521": 100,
    "51290522": 100,
    "51290523": 100,
    "51290524": 99,
    "51290525": 99,
    "51290526": 99,
    "51290527": 98,
    "51290528": 98,
    "51290529": 98,
    "51290530": 97,
    "51290531": 97,
    "51290532": 97,
    "51290533": 96,
    "51290534": 96,
    "51290535": 96,
    "51290536": 95,
    "51290537": 95,
    "51290538": 95,
    "51290539": 94,
    "51290540": 94,
    "51290541": 94,
    "51290542": 93,
    "51290543": 93,
    "51290544": 93,
    "51290545": 92,
    "51290546": 92,
    "51290547": 92,
    "51290548": 91,
    "51290549": 91,
    "51290550": 91,
    "51290551": 90,
    "51290552": 90,
    "51290553": 90,
    "51290554": 89,
    "51290555": 89,
    "51290556": 89,
    "51290557": 88,
    "51290558": 88,
    "51290559": 88,
    "51290560": 87,
    "51290561": 87,
    "51290562": 87,
    "51290563": 86,
    "51290564": 86,
    "51290565": 86,
    "51290566": 85,
    "51290567": 85,
    "51290568": 85,
    "51290569": 84,
    "51290570": 84,
    "51290571": 84,
    "51290572": 83,
    "51290573": 83,
    "51290574": 83,
    "51290575": 82,
    "51290576": 82,
    "51290577": 82,
    "51290578": 81,
    "51290579": 81,
    "51290580": 81,
    "51290581": 80,
    "51290582": 80,
    "51290583": 80,
    "51290584": 79,
    "51290585": 79,
    "51290586": 79,
    "51290587": 78,
    "51290588": 78,
    "51290589": 78,
    "51290590": 77,
    "51290591": 77,
    "51290592": 77,
    "51290593": 76,
    "51290594": 76,
    "51290595": 76,
    "51290596": 75,
    "51290597": 75,
    "51290598": 75,
    "51290599": 74,
    "51290600": 74,
    "51290601": 74,
    "51290602": 73,
    "51290603": 73,
    "51290604": 73,
    "51290605": 72,
    "51290606": 72,
    "51290607": 72,
    "51290608": 71,
    "51290609": 71,
    "51290610": 71,
    "51290611": 70,
    "51290612": 70,
    "51290613": 70,
    "51290614": 69,
    "51290615": 69,
    "51290616": 69,
    "51290617": 68,
    "51290618": 68,
    "51290619": 68,
    "51290620": 67,
    "51290621": 67,
    "51290622": 67,
    "51290623": 66,
    "51290624": 66,
    "51290625": 66,
    "51294391": 65,
    "51294392": 65,
    "51294393": 65,
    "51294394": 64,
    "51294395": 64,
    "51294396": 64,
    "51294397": 63,
    "51294398": 63,
    "51294399": 63,
    "51294400": 62,
    "51294401": 62,
    "51294402": 62,
    "51294403": 61,
    "51294404": 61,
    "51294405": 61,
    "51294406": 60,
    "51294407": 60,
    "51294408": 60,
    "51294409": 59,
    "51294410": 59,
    "51294411": 59,
    "51294412": 58,
    "51294413": 58,
    "51294414": 58,
    "51294415": 57,
    "51294416": 57,
    "51294417": 57,
    "51294418": 56,
    "51294419": 56,
    "51294420": 56,
    "51294421": 55,
    "51294422": 55,
    "51294423": 55,
    "51294424": 54,
    "51294425": 54,
    "51294426": 54,
    "51294427": 53,
    "51294428": 53,
    "51294429": 53,
    "51294430": 52,
    "51294431": 52,
    "51294432": 52,
    "51294433": 51,
    "51294434": 51,
    "51294435": 51,
    "51294436": 50,
    "51294437": 50,
    "51294438": 50,
    "51294439": 49,
    "51294440": 49,
    "51294441": 49,
    "51294442": 48,
    "51294443": 48,
    "51294444": 48,
    "51294445": 47,
    "51294446": 47,
    "51294447": 47,
    "51294448": 46,
    "51294449": 46,
    "51294450": 46,
    "51294451": 45,
    "51294452": 45,
    "51294453": 45,
    "51294454": 44,
    "51294455": 44,
    "51294456": 44,
    "51294457": 43,
    "51294458": 43,
    "51294459": 43,
    "51294460": 42,
    "51294461": 42,
    "51294462": 42,
    "51294463": 41,
    "51294464": 41,
    "51294465": 41,
    "51294466": 40,
    "51294467": 40,
    "51294468": 40,
    "51294469": 39,
    "51294470": 39,
    "51294471": 39,
    "51294472": 38,
    "51294473": 38,
    "51294474": 38,
    "51294475": 37,
    "51294476": 37,
    "51294477": 37,
    "51294478": 36,
    "51294479": 36,
    "51294480": 36,
    "51294481": 35,
    "51294482": 35,
    "51294483": 35,
    "51294484": 34,
    "51294485": 34,
    "51294486": 34,
    "51294487": 33,
    "51294488": 33,
    "51294489": 33,
    "51294490": 32,
    "51294491": 32,
    "51294492": 32,
    "51294493": 31,
    "51294494": 31,
    "51294495": 31,
    "51294496": 30,
    "51294497": 30,
    "51294498": 30,
    "51294499": 29,
    "51294500": 29,
    "51294501": 29,
    "51294502": 28,
    "51294503": 28,
    "51294504": 28,
    "51294505": 27,
    "51294506": 27,
    "51294507": 27,
    "51294508": 26,
    "51294509": 26,
    "51294510": 26,
    "51294511": 25,
    "51296079": 25,
    "51296080": 25,
    "51296081": 24,
    "51296082": 24,
    "51296083": 24,
    "51296084": 23,
    "51296085": 23,
    "51296086": 23,
    "51296087": 22,
    "51296088": 22,
    "51296089": 22,
    "51296090": 21,
    "51296091": 21,
    "51296092": 21,
    "51296093": 20,
    "51296094": 20,
    "51296095": 20,
    "51296096": 19,
    "51296097": 19,
    "51296098": 19,
    "51296099": 18,
    "51296100": 18,
    "51296101": 18,
    "51296102": 17,
    "51296103": 17,
    "51296104": 17,
    "51296105": 16,
    "51296106": 16,
    "51296107": 16,
    "51296108": 15,
    "51296109": 15,
    "51296110": 15,
    "51296111": 14,
    "51296112": 14,
    "51296113": 14,
    "51296114": 13,
    "51296115": 13,
    "51296116": 13,
    "51296117": 12,
    "51296118": 12,
    "51296119": 12,
    "51296120": 11,
    "51296121": 11,
    "51296122": 11,
    "51296123": 10,
    "51296124": 10,
    "51296125": 10,
    "51296126": 9,
    "51296127": 9,
    "51296128": 9,
    "51296129": 8,
    "51296130": 8,
    "51296131": 8,
    "51296132": 7,
    "51296133": 7,
    "51296134": 7,
    "51296135": 6,
    "51296136": 6,
    "51296137": 6,
    "51296138": 5,
    "51296139": 5,
    "51296140": 5,
    "51296141": 4,
    "51296142": 4,
    "51296143": 4,
    "51296144": 3,
    "51296145": 3,
    "51296146": 3,
    "51296147": 2,
    "51296148": 2,
    "51296149": 2,
    "51296150": 1,
    "51296151": 1,
    "51296152": 1,
    "51296153": 0,
    "51296154": 0,
    "51296155": 0,
  },
  "p2g": {
    "0": 51296155,
    "1": 51296152,
    "10": 51296125,
    "100": 51290523,
    "101": 51290520,
    "102": 51290517,
    "103": 51290514,
    "104": 51290117,
    "105": 51290114,
    "106": 51290111,
    "107": 51290108,
    "108": 51290105,
    "109": 51290102,
    "11": 51296122,
    "110": 51290099,
    "111": 51290096,
    "112": 51290093,
    "113": 51290090,
    "114": 51290087,
    "115": 51290084,
    "116": 51290081,
    "117": 51290078,
    "118": 51290075,
    "119": 51290072,
    "12": 51296119,
    "120": 51290069,
    "121": 51290066,
    "122": 51290063,
    "123": 51290060,
    "124": 51290057,
    "125": 51290054,
    "126": 51290051,
    "127": 51290048,
    "128": 51290045,
    "129": 51290042,
    "13": 51296116,
    "130": 51290039,
    "131": 51290036,
    "132": 51290033,
    "133": 51290030,
    "134": 51290027,
    "135": 51290024,
    "136": 51290021,
    "137": 51290018,
    "138": 51290015,
    "139": 51290012,
    "14": 51296113,
    "140": 51290009,
    "141": 51290006,
    "142": 51288954,
    "143": 51288951,
    "144": 51288948,
    "145": 51288945,
    "146": 51288942,
    "147": 51288939,
    "148": 51288936,
    "149": 51288933,
    "15": 51296110,
    "150": 51288930,
    "151": 51288927,
    "152": 51288924,
    "153": 51288921,
    "154": 51288918,
    "155": 51288915,
    "156": 51288912,
    "157": 51288909,
    "158": 51288906,
    "159": 51288903,
    "16": 51296107,
    "160": 51288900,
    "161": 51288897,
    "162": 51288894,
    "163": 51288891,
    "164": 51288888,
    "165": 51288885,
    "166": 51288882,
    "167": 51288879,
    "168": 51288876,
    "169": 51288873,
    "17": 51296104,
    "170": 51288870,
    "171": 51288867,
    "172": 51288864,
    "173": 51288861,
    "174": 51288858,
    "175": 51288855,
    "176": 51288852,
    "177": 51288849,
    "178": 51288846,
    "179": 51288843,
    "18": 51296101,
    "180": 51288840,
    "181": 51288279,
    "182": 51288276,
    "183": 51288273,
    "184": 51288270,
    "185": 51288267,
    "186": 51288264,
    "187": 51288261,
    "188": 51288258,
    "189": 51288255,
    "19": 51296098,
    "190": 51288252,
    "191": 51288249,
    "192": 51288246,
    "193": 51288243,
    "194": 51288240,
    "195": 51288237,
    "196": 51288234,
    "197": 51288231,
    "198": 51288228,
    "199": 51288225,
    "2": 51296149,
    "20": 51296095,
    "200": 51288222,
    "201": 51288219,
    "202": 51288216,
    "203": 51288213,
    "204": 51288210,
    "205": 51288207,
    "206": 51288204,
    "207": 51288201,
    "208": 51288198,
    "209": 51288195,
    "21": 51296092,
    "210": 51288192,
    "211": 51288189,
    "212": 51288186,
    "213": 51288183,
    "214": 51288180,
    "215": 51288177,
    "216": 51288174,
    "217": 51288171,
    "218": 51288168,
    "219": 51288165,
    "22": 51296089,
    "220": 51288162,
    "221": 51288159,
    "23": 51296086,
    "24": 51296083,
    "25": 51296080,
    "26": 51294510,
    "27": 51294507,
    "28": 51294504,
    "29": 51294501,
    "3": 51296146,
    "30": 51294498,
    "31": 51294495,
    "32": 51294492,
    "33": 51294489,
    "34": 51294486,
    "35": 51294483,
    "36": 51294480,
    "37": 51294477,
    "38": 51294474,
    "39": 51294471,
    "4": 51296143,
    "40": 51294468,
    "41": 51294465,
    "42": 51294462,
    "43": 51294459,
    "44": 51294456,
    "45": 51294453,
    "46": 51294450,
    "47": 51294447,
    "48": 51294444,
    "49": 51294441,
    "5": 51296140,
    "50": 51294438,
    "51": 51294435,
    "52": 51294432,
    "53": 51294429,
    "54": 51294426,
    "55": 51294423,
    "56": 51294420,
    "57": 51294417,
    "58": 51294414,
    "59": 51294411,
    "6": 51296137,
    "60": 51294408,
    "61": 51294405,
    "62": 51294402,
    "63": 51294399,
    "64": 51294396,
    "65": 51294393,
    "66": 51290625,
    "67": 51290622,
    "68": 51290619,
    "69": 51290616,
    "7": 51296134,
    "70": 51290613,
    "71": 51290610,
    "72": 51290607,
    "73": 51290604,
    "74": 51290601,
    "75": 51290598,
    "76": 51290595,
    "77": 51290592,
    "78": 51290589,
    "79": 51290586,
    "8": 51296131,
    "80": 51290583,
    "81": 51290580,
    "82": 51290577,
    "83": 51290574,
    "84": 51290571,
    "85": 51290568,
    "86": 51290565,
    "87": 51290562,
    "88": 51290559,
    "89": 51290556,
    "9": 51296128,
    "90": 51290553,
    "91": 51290550,
    "92": 51290547,
    "93": 51290544,
    "94": 51290541,
    "95": 51290538,
    "96": 51290535,
    "97": 51290532,
    "98": 51290529,
    "99": 51290526,
  },
  "refName": "chr1",
  "strand": -1,
}
`;

exports[`test 1`] = `
{
  "structureSeqToTranscriptSeqPosition": {
    "0": 392,
    "1": 393,
    "10": 402,
    "100": 492,
    "101": 493,
    "102": 494,
    "103": 495,
    "104": 496,
    "105": 497,
    "106": 498,
    "107": 499,
    "108": 500,
    "109": 501,
    "11": 403,
    "110": 502,
    "111": 503,
    "112": 504,
    "113": 505,
    "114": 506,
    "115": 507,
    "116": 508,
    "117": 509,
    "118": 510,
    "119": 511,
    "12": 404,
    "120": 512,
    "121": 513,
    "122": 514,
    "123": 515,
    "124": 516,
    "125": 517,
    "126": 518,
    "127": 519,
    "128": 520,
    "129": 521,
    "13": 405,
    "130": 522,
    "131": 523,
    "132": 524,
    "133": 525,
    "134": 526,
    "135": 527,
    "136": 528,
    "137": 529,
    "138": 530,
    "139": 531,
    "14": 406,
    "140": 532,
    "141": 533,
    "142": 534,
    "143": 535,
    "144": 536,
    "145": 537,
    "146": 538,
    "147": 539,
    "148": 540,
    "149": 541,
    "15": 407,
    "150": 542,
    "151": 543,
    "152": 544,
    "153": 545,
    "154": 546,
    "155": 547,
    "156": 548,
    "157": 549,
    "158": 550,
    "159": 551,
    "16": 408,
    "160": 552,
    "161": 553,
    "162": 554,
    "163": 555,
    "164": 556,
    "165": 557,
    "166": 558,
    "167": 559,
    "168": 560,
    "169": 561,
    "17": 409,
    "170": 562,
    "171": 563,
    "172": 564,
    "173": 565,
    "174": 566,
    "175": 567,
    "176": 568,
    "177": 569,
    "178": 570,
    "179": 571,
    "18": 410,
    "180": 572,
    "181": 573,
    "182": 574,
    "183": 575,
    "184": 576,
    "185": 577,
    "186": 578,
    "187": 579,
    "188": 580,
    "189": 581,
    "19": 411,
    "190": 582,
    "191": 583,
    "192": 584,
    "193": 585,
    "194": 586,
    "195": 587,
    "196": 588,
    "197": 589,
    "198": 590,
    "199": 591,
    "2": 394,
    "20": 412,
    "200": 592,
    "201": 593,
    "202": 594,
    "203": 595,
    "204": 596,
    "205": 597,
    "206": 598,
    "207": 599,
    "208": 600,
    "209": 601,
    "21": 413,
    "210": 602,
    "211": 603,
    "212": 604,
    "213": 605,
    "214": 606,
    "215": 607,
    "216": 608,
    "217": 609,
    "218": 610,
    "219": 611,
    "22": 414,
    "220": 612,
    "23": 415,
    "24": 416,
    "25": 417,
    "26": 418,
    "27": 419,
    "28": 420,
    "29": 421,
    "3": 395,
    "30": 422,
    "31": 423,
    "32": 424,
    "33": 425,
    "34": 426,
    "35": 427,
    "36": 428,
    "37": 429,
    "38": 430,
    "39": 431,
    "4": 396,
    "40": 432,
    "41": 433,
    "42": 434,
    "43": 435,
    "44": 436,
    "45": 437,
    "46": 438,
    "47": 439,
    "48": 440,
    "49": 441,
    "5": 397,
    "50": 442,
    "51": 443,
    "52": 444,
    "53": 445,
    "54": 446,
    "55": 447,
    "56": 448,
    "57": 449,
    "58": 450,
    "59": 451,
    "6": 398,
    "60": 452,
    "61": 453,
    "62": 454,
    "63": 455,
    "64": 456,
    "65": 457,
    "66": 458,
    "67": 459,
    "68": 460,
    "69": 461,
    "7": 399,
    "70": 462,
    "71": 463,
    "72": 464,
    "73": 465,
    "74": 466,
    "75": 467,
    "76": 468,
    "77": 469,
    "78": 470,
    "79": 471,
    "8": 400,
    "80": 472,
    "81": 473,
    "82": 474,
    "83": 475,
    "84": 476,
    "85": 477,
    "86": 478,
    "87": 479,
    "88": 480,
    "89": 481,
    "9": 401,
    "90": 482,
    "91": 483,
    "92": 484,
    "93": 485,
    "94": 486,
    "95": 487,
    "96": 488,
    "97": 489,
    "98": 490,
    "99": 491,
  },
  "transcriptSeqToStructureSeqPosition": {
    "392": 0,
    "393": 1,
    "394": 2,
    "395": 3,
    "396": 4,
    "397": 5,
    "398": 6,
    "399": 7,
    "400": 8,
    "401": 9,
    "402": 10,
    "403": 11,
    "404": 12,
    "405": 13,
    "406": 14,
    "407": 15,
    "408": 16,
    "409": 17,
    "410": 18,
    "411": 19,
    "412": 20,
    "413": 21,
    "414": 22,
    "415": 23,
    "416": 24,
    "417": 25,
    "418": 26,
    "419": 27,
    "420": 28,
    "421": 29,
    "422": 30,
    "423": 31,
    "424": 32,
    "425": 33,
    "426": 34,
    "427": 35,
    "428": 36,
    "429": 37,
    "430": 38,
    "431": 39,
    "432": 40,
    "433": 41,
    "434": 42,
    "435": 43,
    "436": 44,
    "437": 45,
    "438": 46,
    "439": 47,
    "440": 48,
    "441": 49,
    "442": 50,
    "443": 51,
    "444": 52,
    "445": 53,
    "446": 54,
    "447": 55,
    "448": 56,
    "449": 57,
    "450": 58,
    "451": 59,
    "452": 60,
    "453": 61,
    "454": 62,
    "455": 63,
    "456": 64,
    "457": 65,
    "458": 66,
    "459": 67,
    "460": 68,
    "461": 69,
    "462": 70,
    "463": 71,
    "464": 72,
    "465": 73,
    "466": 74,
    "467": 75,
    "468": 76,
    "469": 77,
    "470": 78,
    "471": 79,
    "472": 80,
    "473": 81,
    "474": 82,
    "475": 83,
    "476": 84,
    "477": 85,
    "478": 86,
    "479": 87,
    "480": 88,
    "481": 89,
    "482": 90,
    "483": 91,
    "484": 92,
    "485": 93,
    "486": 94,
    "487": 95,
    "488": 96,
    "489": 97,
    "490": 98,
    "491": 99,
    "492": 100,
    "493": 101,
    "494": 102,
    "495": 103,
    "496": 104,
    "497": 105,
    "498": 106,
    "499": 107,
    "500": 108,
    "501": 109,
    "502": 110,
    "503": 111,
    "504": 112,
    "505": 113,
    "506": 114,
    "507": 115,
    "508": 116,
    "509": 117,
    "510": 118,
    "511": 119,
    "512": 120,
    "513": 121,
    "514": 122,
    "515": 123,
    "516": 124,
    "517": 125,
    "518": 126,
    "519": 127,
    "520": 128,
    "521": 129,
    "522": 130,
    "523": 131,
    "524": 132,
    "525": 133,
    "526": 134,
    "527": 135,
    "528": 136,
    "529": 137,
    "530": 138,
    "531": 139,
    "532": 140,
    "533": 141,
    "534": 142,
    "535": 143,
    "536": 144,
    "537": 145,
    "538": 146,
    "539": 147,
    "540": 148,
    "541": 149,
    "542": 150,
    "543": 151,
    "544": 152,
    "545": 153,
    "546": 154,
    "547": 155,
    "548": 156,
    "549": 157,
    "550": 158,
    "551": 159,
    "552": 160,
    "553": 161,
    "554": 162,
    "555": 163,
    "556": 164,
    "557": 165,
    "558": 166,
    "559": 167,
    "560": 168,
    "561": 169,
    "562": 170,
    "563": 171,
    "564": 172,
    "565": 173,
    "566": 174,
    "567": 175,
    "568": 176,
    "569": 177,
    "570": 178,
    "571": 179,
    "572": 180,
    "573": 181,
    "574": 182,
    "575": 183,
    "576": 184,
    "577": 185,
    "578": 186,
    "579": 187,
    "580": 188,
    "581": 189,
    "582": 190,
    "583": 191,
    "584": 192,
    "585": 193,
    "586": 194,
    "587": 195,
    "588": 196,
    "589": 197,
    "590": 198,
    "591": 199,
    "592": 200,
    "593": 201,
    "594": 202,
    "595": 203,
    "596": 204,
    "597": 205,
    "598": 206,
    "599": 207,
    "600": 208,
    "601": 209,
    "602": 210,
    "603": 211,
    "604": 212,
    "605": 213,
    "606": 214,
    "607": 215,
    "608": 216,
    "609": 217,
    "610": 218,
    "611": 219,
    "612": 220,
  },
}
`;
